border_size=1
usage=map

_off^_usr, _off^_usr, _off^_usr, _off^_usr, _off^_usr, _off^_usr, _off^_usr, _off^_usr, _off^_usr, _off^_usr, _off^_usr, _off^_usr, _off^_usr, _off^_usr, _off^_usr, _off^_usr, _off^_usr, _off^_usr, _off^_usr, _off^_usr, _off^_usr, _off^_usr, _off^_usr, _off^_usr, _off^_usr, _off^_usr, _off^_usr, _off^_usr, _off^_usr
_off^_usr, _off^_usr, _off^_usr, _off^_usr, _off^_usr, _off^_usr, _off^_usr, _off^_usr, _off^_usr, _off^_usr, _off^_usr, _off^_usr, _off^_usr, _off^_usr, _off^_usr, _off^_usr, _off^_usr, _off^_usr, _off^_usr, _off^_usr, _off^_usr, _off^_usr, _off^_usr, _off^_usr, _off^_usr, _off^_usr, _off^_usr, _off^_usr, _off^_usr
_off^_usr, _off^_usr, _off^_usr, _off^_usr, _off^_usr, _off^_usr, _off^_usr, _off^_usr, _off^_usr, _off^_usr, _off^_usr, _off^_usr, _off^_usr, _off^_usr, _off^_usr, _off^_usr, _off^_usr, _off^_usr, _off^_usr, _off^_usr, _off^_usr, _off^_usr, _off^_usr, _off^_usr, _off^_usr, _off^_usr, _off^_usr, _off^_usr, _off^_usr
_off^_usr, _off^_usr, _off^_usr, _off^_usr, _off^_usr, _off^_usr, _off^_usr, _off^_usr, _off^_usr, _off^_usr, Rb, Wwt, Gs^Fp, Wwf, Wwt, Wwf, Hh, Rd, Dd^Dc, _off^_usr, _off^_usr, _off^_usr, _off^_usr, _off^_usr, _off^_usr, _off^_usr, _off^_usr, _off^_usr, _off^_usr
_off^_usr, _off^_usr, _off^_usr, _off^_usr, _off^_usr, _off^_usr, _off^_usr, _off^_usr, Gd, Gs, Gs, Wwf, Wwt, Wwt, Ss, Gs^Fp, Rd, Rd, Gs, Gs, Gd, _off^_usr, _off^_usr, _off^_usr, _off^_usr, _off^_usr, _off^_usr, _off^_usr, _off^_usr
_off^_usr, _off^_usr, _off^_usr, _off^_usr, _off^_usr, _off^_usr, Wwf, Rb, Gd, Gs, Hh, Gs, Wwf, Gs, Ds, Mm, Rd, Gs, Gll^Fdf, Gd, Wwt, Wwt, Gd, _off^_usr, _off^_usr, _off^_usr, _off^_usr, _off^_usr, _off^_usr
_off^_usr, _off^_usr, _off^_usr, _off^_usr, _off^_usr, Gs, Wwt, Gs, Gd, Gd^Fmf, Mm^Vhh, Wwt, Gs^Fp, Gd, Rd, Rd, Ww, Gd, Rb^Vdt, Hhd, Wwt, Hhd, Rb, Gd, _off^_usr, _off^_usr, _off^_usr, _off^_usr, _off^_usr
_off^_usr, _off^_usr, _off^_usr, _off^_usr, Gd, Gs^Fp, Wwf, Gs^Fp, Gd, Ds, Wwt, Wwt, Gd, Rd, Chw, Rd, Gll^Fdf, Gd, Rb, Gd, Ww, Gll^Fmf, Rb, Gs, Gs, _off^_usr, _off^_usr, _off^_usr, _off^_usr
_off^_usr, _off^_usr, _off^_usr, _off^_usr, Wwf, Gd, Wwt, Gd, Wwf, Wwt, Ss, Ds, Hhd, Rd, Ww^Bw|, Rd, Hhd^Vhh, Mm, Gd, Rb, Ds, Wwf, Gs^Fp, Gs, Md, _off^_usr, _off^_usr, _off^_usr, _off^_usr
_off^_usr, _off^_usr, _off^_usr, Rb, Rb, Wwt, Dd^Do, Wwt, Mm, Gd, Wwt, Ss^Vhs, Wwf, Ww, Ww^Bw|, Ww, Wwf, Gd^Fp, Gd, Gll^Fmf, Wwf, Wwt, Dd^Do, Rd, Rd, Rd, _off^_usr, _off^_usr, _off^_usr
_off^_usr, _off^_usr, _off^_usr, Gd, Wwf, Gd, Wwt, Wwt, Hhd, Gd, Ww, Wwr, Chw, Cd, 3 Kd, Cd, Cd, Ww, Ww, Wwf, Hhd, Wwt, Wwt, Gd, Wwf, Gd, _off^_usr, _off^_usr, _off^_usr
_off^_usr, _off^_usr, _off^_usr, Wwf, Hhd, Wwt, Rb, Gll^Fmf, Hhd^Vhh, Gd, Ww, Chw, Rr, Rr, Rr, Rr, Dd^Do, Chw, Ww, Gd, Gll^Fmf, Md, Wwt, Gs, Ss^Vm, Wwf, _off^_usr, _off^_usr, _off^_usr
_off^_usr, _off^_usr, _off^_usr, Rb, Ss^Vm, Ss, Wwt, Rb, Gll^Fmf, Gd, Wwf, Ce, Rr, Rr, Rr, Rr, Rr, Ce, Wwf, Gd, Hhd^Vhh, Rb, Rb, Ss, Hhd, Rb, _off^_usr, _off^_usr, _off^_usr
_off^_usr, _off^_usr, _off^_usr, Wwf, Wwf, Gs, Wwt, Md, Hhd, Gd, Ww, Ce, Dd^Do, Rr, Rr, Rr, Rr, Ce, Ww, Gd, Hhd, Gll^Fmf, Wwt, Wwt, Wwf, Wwf, _off^_usr, _off^_usr, _off^_usr
_off^_usr, _off^_usr, _off^_usr, Gd, Rd, Gd, Dd^Do, Wwt, Wwf, Wwf, Wwt, Chw, Cd, Rr, 2 Kd, Rr, Chw, Chw, Wwt, Gd, Mm, Wwt, Dd^Do, Gd, Rb, Gd, _off^_usr, _off^_usr, _off^_usr
_off^_usr, _off^_usr, _off^_usr, Rd, Md, Rd, Gs^Fp, Wwt, Gd, Gs, Gd, Ww, Wwf, Cd, Wwt^Bw|, Cd, Wwf, Wwr, Wwt, Gd, Wwf, Wwt, Wwt, Wwt, Wwf, Rb, _off^_usr, _off^_usr, _off^_usr
_off^_usr, _off^_usr, _off^_usr, Gs, Gd, Gs, Gg, Wwf, Ds, Gll^Fmf, Gd, Gs^Fp, Hhd^Vhh, Ww, Wwt^Bw|, Ww, Hhd, Ss^Vhs, Ss, Wwt, Gd, Gd, Wwf, Gd, Gd, Wwf, _off^_usr, _off^_usr, _off^_usr
_off^_usr, _off^_usr, _off^_usr, _off^_usr, Gd, Gs, Rb, Wwt, Wwt, Rb, Rb, Mm, Gll^Fdf, Rd, Chw, Rd, Gd, Ds, Wwt, Wwt, Gd, Gs, Wwt, Gd, Gs, _off^_usr, _off^_usr, _off^_usr, _off^_usr
_off^_usr, _off^_usr, _off^_usr, _off^_usr, _off^_usr, Gs, Rb, Gll^Fmf, Wwt, Gd, Rb^Vdt, Gd, Wwt, Rd, Rd, Rd, Gs^Fp, Wwt, Mm^Vhh, Ds, Gd, Gs^Fp, Wwt, Gs^Fp, _off^_usr, _off^_usr, _off^_usr, _off^_usr, _off^_usr
_off^_usr, _off^_usr, _off^_usr, _off^_usr, _off^_usr, Gd, Gd, Hhd, Wwt, Hhd, Gll^Fdf, Gd, Rd, Rd, Ds, Gd, Wwf, Wwt, Hh, Gd^Fmf, Gd, Gs, Wwf, Gd, _off^_usr, _off^_usr, _off^_usr, _off^_usr, _off^_usr
_off^_usr, _off^_usr, _off^_usr, _off^_usr, _off^_usr, _off^_usr, _off^_usr, Wwt, Gd, Gd, Gs, Gs, Rd, Mm, Ss, Gs, Wwt, Gs, Gs, Gs, Gd, Rb, _off^_usr, _off^_usr, _off^_usr, _off^_usr, _off^_usr, _off^_usr, _off^_usr
_off^_usr, _off^_usr, _off^_usr, _off^_usr, _off^_usr, _off^_usr, _off^_usr, _off^_usr, _off^_usr, Dd^Dc, Gs, Rd, Hh, Gs^Fp, Wwt, Wwt, Gs^Fp, Wwf, Rb, Gs, _off^_usr, _off^_usr, _off^_usr, _off^_usr, _off^_usr, _off^_usr, _off^_usr, _off^_usr, _off^_usr
_off^_usr, _off^_usr, _off^_usr, _off^_usr, _off^_usr, _off^_usr, _off^_usr, _off^_usr, _off^_usr, _off^_usr, _off^_usr, Rd, _off^_usr, Wwf, _off^_usr, Wwt, _off^_usr, Wwt, _off^_usr, _off^_usr, _off^_usr, _off^_usr, _off^_usr, _off^_usr, _off^_usr, _off^_usr, _off^_usr, _off^_usr, _off^_usr
_off^_usr, _off^_usr, _off^_usr, _off^_usr, _off^_usr, _off^_usr, _off^_usr, _off^_usr, _off^_usr, _off^_usr, _off^_usr, _off^_usr, _off^_usr, _off^_usr, _off^_usr, _off^_usr, _off^_usr, _off^_usr, _off^_usr, _off^_usr, _off^_usr, _off^_usr, _off^_usr, _off^_usr, _off^_usr, _off^_usr, _off^_usr, _off^_usr, _off^_usr
_off^_usr, _off^_usr, _off^_usr, _off^_usr, _off^_usr, _off^_usr, _off^_usr, _off^_usr, _off^_usr, _off^_usr, _off^_usr, _off^_usr, _off^_usr, _off^_usr, _off^_usr, _off^_usr, _off^_usr, _off^_usr, _off^_usr, _off^_usr, _off^_usr, _off^_usr, _off^_usr, _off^_usr, _off^_usr, _off^_usr, _off^_usr, _off^_usr, _off^_usr
