border_size=1
usage=map

_off^_usr, _off^_usr, _off^_usr, _off^_usr, _off^_usr, _off^_usr, _off^_usr, _off^_usr, _off^_usr, _off^_usr, _off^_usr, _off^_usr, _off^_usr, _off^_usr, _off^_usr, _off^_usr, _off^_usr, _off^_usr, _off^_usr, _off^_usr, _off^_usr, _off^_usr, _off^_usr, _off^_usr, _off^_usr, _off^_usr, _off^_usr, _off^_usr, _off^_usr
_off^_usr, _off^_usr, _off^_usr, _off^_usr, _off^_usr, _off^_usr, _off^_usr, _off^_usr, _off^_usr, _off^_usr, _off^_usr, _off^_usr, _off^_usr, _off^_usr, _off^_usr, _off^_usr, _off^_usr, _off^_usr, _off^_usr, _off^_usr, _off^_usr, _off^_usr, _off^_usr, _off^_usr, _off^_usr, _off^_usr, _off^_usr, _off^_usr, _off^_usr
_off^_usr, _off^_usr, _off^_usr, _off^_usr, _off^_usr, _off^_usr, _off^_usr, _off^_usr, _off^_usr, _off^_usr, _off^_usr, _off^_usr, _off^_usr, _off^_usr, _off^_usr, _off^_usr, _off^_usr, _off^_usr, _off^_usr, _off^_usr, _off^_usr, _off^_usr, _off^_usr, _off^_usr, _off^_usr, _off^_usr, _off^_usr, _off^_usr, _off^_usr
_off^_usr, _off^_usr, _off^_usr, _off^_usr, _off^_usr, _off^_usr, _off^_usr, _off^_usr, _off^_usr, _off^_usr, Ss, Ss, Rb, Ss, Wwt, Wwf, Hh, Ss, Ss, _off^_usr, _off^_usr, _off^_usr, _off^_usr, _off^_usr, _off^_usr, _off^_usr, _off^_usr, _off^_usr, _off^_usr
_off^_usr, _off^_usr, _off^_usr, _off^_usr, _off^_usr, _off^_usr, _off^_usr, _off^_usr, Gll^Ftr, Gll^Ftr, Rb, Wwf, Ss, Wwt, Ss, Gll^Ftr, Ss, Ss^Bh\, Rb, Rb, Ss, _off^_usr, _off^_usr, _off^_usr, _off^_usr, _off^_usr, _off^_usr, _off^_usr, _off^_usr
_off^_usr, _off^_usr, _off^_usr, _off^_usr, _off^_usr, _off^_usr, Ss, Ss, Rb, Rb, Hh, Gs, Ss^Bh\, Gs, Rb, Mm, Ss, Rb, Gll^Ftr, Gll^Ftr, Wwt, Wwt, Gll^Ftr, _off^_usr, _off^_usr, _off^_usr, _off^_usr, _off^_usr, _off^_usr
_off^_usr, _off^_usr, _off^_usr, _off^_usr, _off^_usr, Ss, Wwt, Rb, Gg, Gll^Ftr, Mm^Vhh, Ss, Gll^Ftr, Rb, Ss, Ss^Bh\, Rb, Rb, Ss, Hh, Wwt, Hh, Gg, Ss, _off^_usr, _off^_usr, _off^_usr, _off^_usr, _off^_usr
_off^_usr, _off^_usr, _off^_usr, _off^_usr, Ss, Gll^Ftr, Wwf, Gll^Ftr, Ss^Bw|, Ss, Wwt, Wwt, Gg, Rb, Chs, Rb, Gll^Ftr, Gs, Gs, Ss, Ww, Gs^Vl, Ss, Gg, Gll^Ftr, _off^_usr, _off^_usr, _off^_usr, _off^_usr
_off^_usr, _off^_usr, _off^_usr, _off^_usr, Ss, Rb, Wwt, Ss, Wwf, Wwt, Ss, Ss, Hh, Rb, Ww^Bw|, Rb, Hh^Vhh, Mm, Gs, Gll^Ftr, Ss, Ss, Gll^Ftr, Gg, Hh, _off^_usr, _off^_usr, _off^_usr, _off^_usr
_off^_usr, _off^_usr, _off^_usr, Ss, Gll^Ftr, Wwt, Ss, Wwt, Mm, Gg, Wwt, Ss^Vhs, Wwf, Ww, Ww^Bw|, Ww, Ss, Gll^Ftr, Gs, Gll^Ftr, Wwf, Wwt, Ss, Ss, Ss, Ss, _off^_usr, _off^_usr, _off^_usr
_off^_usr, _off^_usr, _off^_usr, Ss, Wwf, Rb, Wwt, Wwt, Hh, Gg, Ss, Ww, Chw, Ch, 3 Kh, Ch, Chs, Ss, Ss, Wwf, Hh, Wwt, Wwt, Rb, Wwf, Gs, _off^_usr, _off^_usr, _off^_usr
_off^_usr, _off^_usr, _off^_usr, Wwf, Hh, Wwt, Gll^Ftr, Gll^Ftr, Hh^Vhh, Ss^Bh/, Ss, Chs, Rr, Rr, Rr, Rr, Rr, Chs, Ww, Gg, Gll^Ftr, Mm, Wwt, Ss, Ss^Vm, Wwf, _off^_usr, _off^_usr, _off^_usr
_off^_usr, _off^_usr, _off^_usr, Gll^Ftr, Ss^Vm, Ss, Wwt, Ss, Gll^Ftr, Gg, Ss, Chs, Rr, Rr, Ds^Vl, Rr, Rr, Chw, Ss, Gg, Hh^Vhh, Ss, Ss^Ftr, Ss, Hh, Gll^Ftr, _off^_usr, _off^_usr, _off^_usr
_off^_usr, _off^_usr, _off^_usr, Wwf, Wwf, Ss, Wwt, Mm, Hh, Gg, Ww, Chw, Rr, Rr, Rr, Rr, Rr, Chs, Ss, Ss^Bh/, Hh, Gll^Ftr, Wwt, Wwt, Wwf, Wwf, _off^_usr, _off^_usr, _off^_usr
_off^_usr, _off^_usr, _off^_usr, Gs, Ss, Rb, Ss, Wwt, Wwf, Wwf, Ss, Chs, Chs, Rr, 2 Kh, Rr, Chw, Chs, Ss, Gg, Mm, Wwt, Ss, Rb, Gll^Ftr, Ss, _off^_usr, _off^_usr, _off^_usr
_off^_usr, _off^_usr, _off^_usr, Ss, Hh, Ss, Gll^Ftr, Wwt, Gs, Gs, Gs, Ss, Ss, Ch, Wwt^Bw|, Ch, Wwf, Ww, Wwt, Gg, Wwf, Wwt, Wwt, Wwt, Wwf, Ss, _off^_usr, _off^_usr, _off^_usr
_off^_usr, _off^_usr, _off^_usr, Gll^Ftr, Gg, Gs, Gs^Vl, Wwf, Ss, Gll^Ftr, Gs, Gll^Ftr, Hh^Vhh, Ww, Wwt^Bw|, Ww, Hh, Ss^Vhs, Ss, Wwt, Gg, Gll^Ftr, Wwf, Rb, Ss, Ss, _off^_usr, _off^_usr, _off^_usr
_off^_usr, _off^_usr, _off^_usr, _off^_usr, Ss, Gg, Ss, Ss, Wwt, Gll^Ftr, Gs, Mm, Gll^Ftr, Rb, Chs, Rb, Gg, Ss, Wwt, Wwt, Ss^Bw|, Ss, Wwt, Rb, Ss, _off^_usr, _off^_usr, _off^_usr, _off^_usr
_off^_usr, _off^_usr, _off^_usr, _off^_usr, _off^_usr, Gg, Gg, Gg, Wwt, Ss, Ss, Gs, Rb, Rb, Ss, Rb, Gll^Ftr, Wwt, Mm^Vhh, Ss, Gg, Gll^Ftr, Wwt, Gll^Ftr, _off^_usr, _off^_usr, _off^_usr, _off^_usr, _off^_usr
_off^_usr, _off^_usr, _off^_usr, _off^_usr, _off^_usr, Ss, Gll^Ftr, Hh, Wwt, Hh, Gll^Ftr, Rb, Ss, Ss^Bh\, Rb, Rb, Ss^Bh\, Ss, Hh, Gll^Ftr, Rb, Rb, Ss, Ss, _off^_usr, _off^_usr, _off^_usr, _off^_usr, _off^_usr
_off^_usr, _off^_usr, _off^_usr, _off^_usr, _off^_usr, _off^_usr, _off^_usr, Wwt, Ss, Gll^Ftr, Rb, Rb, Ss, Mm, Ss, Gg, Ss, Gg, Rb, Rb, Gll^Ftr, Ss, _off^_usr, _off^_usr, _off^_usr, _off^_usr, _off^_usr, _off^_usr, _off^_usr
_off^_usr, _off^_usr, _off^_usr, _off^_usr, _off^_usr, _off^_usr, _off^_usr, _off^_usr, _off^_usr, Ss, Rb, Ss^Bh\, Hh, Gll^Ftr, Wwt, Wwt, Rb, Wwf, Ss, Gll^Ftr, _off^_usr, _off^_usr, _off^_usr, _off^_usr, _off^_usr, _off^_usr, _off^_usr, _off^_usr, _off^_usr
_off^_usr, _off^_usr, _off^_usr, _off^_usr, _off^_usr, _off^_usr, _off^_usr, _off^_usr, _off^_usr, _off^_usr, _off^_usr, Ss, _off^_usr, Wwf, _off^_usr, Ss, _off^_usr, Ss, _off^_usr, _off^_usr, _off^_usr, _off^_usr, _off^_usr, _off^_usr, _off^_usr, _off^_usr, _off^_usr, _off^_usr, _off^_usr
_off^_usr, _off^_usr, _off^_usr, _off^_usr, _off^_usr, _off^_usr, _off^_usr, _off^_usr, _off^_usr, _off^_usr, _off^_usr, _off^_usr, _off^_usr, _off^_usr, _off^_usr, _off^_usr, _off^_usr, _off^_usr, _off^_usr, _off^_usr, _off^_usr, _off^_usr, _off^_usr, _off^_usr, _off^_usr, _off^_usr, _off^_usr, _off^_usr, _off^_usr
_off^_usr, _off^_usr, _off^_usr, _off^_usr, _off^_usr, _off^_usr, _off^_usr, _off^_usr, _off^_usr, _off^_usr, _off^_usr, _off^_usr, _off^_usr, _off^_usr, _off^_usr, _off^_usr, _off^_usr, _off^_usr, _off^_usr, _off^_usr, _off^_usr, _off^_usr, _off^_usr, _off^_usr, _off^_usr, _off^_usr, _off^_usr, _off^_usr, _off^_usr
