border_size=1
usage=map

_off^_usr, _off^_usr, _off^_usr, _off^_usr, _off^_usr, _off^_usr, _off^_usr, _off^_usr, _off^_usr, _off^_usr, _off^_usr, _off^_usr, _off^_usr, _off^_usr, _off^_usr, _off^_usr, _off^_usr, _off^_usr, _off^_usr, _off^_usr, _off^_usr, _off^_usr, _off^_usr, _off^_usr, _off^_usr, _off^_usr, _off^_usr, _off^_usr, _off^_usr
_off^_usr, _off^_usr, _off^_usr, _off^_usr, _off^_usr, _off^_usr, _off^_usr, _off^_usr, _off^_usr, _off^_usr, _off^_usr, _off^_usr, _off^_usr, _off^_usr, _off^_usr, _off^_usr, _off^_usr, _off^_usr, _off^_usr, _off^_usr, _off^_usr, _off^_usr, _off^_usr, _off^_usr, _off^_usr, _off^_usr, _off^_usr, _off^_usr, _off^_usr
_off^_usr, _off^_usr, _off^_usr, _off^_usr, _off^_usr, _off^_usr, _off^_usr, _off^_usr, _off^_usr, _off^_usr, _off^_usr, _off^_usr, _off^_usr, _off^_usr, _off^_usr, _off^_usr, _off^_usr, _off^_usr, _off^_usr, _off^_usr, _off^_usr, _off^_usr, _off^_usr, _off^_usr, _off^_usr, _off^_usr, _off^_usr, _off^_usr, _off^_usr
_off^_usr, _off^_usr, _off^_usr, _off^_usr, _off^_usr, _off^_usr, _off^_usr, _off^_usr, _off^_usr, _off^_usr, Ss, Ss, Hh^Ftr, Ss, Rb, Rb, Hh, Ss, Ss, _off^_usr, _off^_usr, _off^_usr, _off^_usr, _off^_usr, _off^_usr, _off^_usr, _off^_usr, _off^_usr, _off^_usr
_off^_usr, _off^_usr, _off^_usr, _off^_usr, _off^_usr, _off^_usr, _off^_usr, _off^_usr, Ss, Ss, Rb, Ww, Ww^Bh/, Gg, Rb, Hh^Ftr, Ss, Ss, Rb, Rb, Gg, _off^_usr, _off^_usr, _off^_usr, _off^_usr, _off^_usr, _off^_usr, _off^_usr, _off^_usr
_off^_usr, _off^_usr, _off^_usr, _off^_usr, _off^_usr, _off^_usr, Ss, Ss, Rb, Rb, Hh, Rb, Ss, Gg, Rb, Mm, Ss, Rb, Hh^Ftr, Gg, Ss, Ss, Gs^Ft, _off^_usr, _off^_usr, _off^_usr, _off^_usr, _off^_usr, _off^_usr
_off^_usr, _off^_usr, _off^_usr, _off^_usr, _off^_usr, Ss, Rb, Rb, Gg, Hh^Ftr, Mm^Vhh, Ww, Hh^Ftr, Rb, Ss, Ss^Bh\, Rb, Rb, Gs^Vl, Hh, Ww, Hh, Rb, Ss, _off^_usr, _off^_usr, _off^_usr, _off^_usr, _off^_usr
_off^_usr, _off^_usr, _off^_usr, _off^_usr, Ss, Rb, Gll^Ftr, Hh^Ftr, Gg, Ss, Ww, Ww, Gg, Rb, Chs, Rb, Gll^Ftr, Gg, Gg, Gg, Gg, Ww^Bh/, Gg, Rb, Ss, _off^_usr, _off^_usr, _off^_usr, _off^_usr
_off^_usr, _off^_usr, _off^_usr, _off^_usr, Rb, Rb, Gg, Gg, Gg, Ss, Wwf, Ss, Hh, Rb, Ss^Bw|, Rb, Hh^Vhh, Mm, Gg, Gll^Ftr, Ww, Ss, Gg, Rb, Rb, _off^_usr, _off^_usr, _off^_usr, _off^_usr
_off^_usr, _off^_usr, _off^_usr, Gg, Rb, Gg, Ss, Ss, Ww, Ww, Ww, Ss^Vhs, Ss, Ww, Ww^Bw|, Ww, Ss, Hh^Ftr, Gg, Hh, Ww, Ss, Gg, Gll^Ftr, Rb, Gg, _off^_usr, _off^_usr, _off^_usr
_off^_usr, _off^_usr, _off^_usr, Ss, Hh, Ww^Bh\, Gg, Ww, Hh, Ss, Ww, Ww, Chs, Chw, 4 Khs, Chw, Chw, Ss, Ww, Ss, Ww, Gg, Gg, Hh^Ftr, Rb, Gs^Ft, _off^_usr, _off^_usr, _off^_usr
_off^_usr, _off^_usr, _off^_usr, Ss, Ss, Ww, Gg, Gll^Ftr, Gg, Gg, Ss, Chs, Rr, Rr, Rr, Rr, Rr, Chs, Ww, Ww, Wwf, Ss, Ss, Gg, Rb, Ss, _off^_usr, _off^_usr, _off^_usr
_off^_usr, _off^_usr, _off^_usr, Gs^Ft, Gg, Hh, Gs^Vl, Gg, Mm, Hh^Ftr, Ss, Chw, Rr, Rr, Ur^Fetd, Rr, Rr, Chs, Ss, Ss^Vhs, Ss, Ww, Mm^Vhh, Hh^Ftr, Rb, Ss, _off^_usr, _off^_usr, _off^_usr
_off^_usr, _off^_usr, _off^_usr, Rb, Rb, Hh^Ftr, Rb, Gg, Gll^Ftr, Hh^Vhh, Ww, Chw, 2 Khs, Rr, Rr, Rr, 3 Khs, Chw, Ww, Hh, Gg, Ww, Ww, Hh, Rb, Ss, _off^_usr, _off^_usr, _off^_usr
_off^_usr, _off^_usr, _off^_usr, Gll^Ftr, Ss, Rb, Ss, Rb, Rb, Rb, Ss^Bw/, Ww^Bw/, Chw, Rr, Rr, Rr, Chw, Ww^Bw\, Ss^Bw\, Rb, Rb, Hh^Ftr, Ss, Rb, Ww, Ss, _off^_usr, _off^_usr, _off^_usr
_off^_usr, _off^_usr, _off^_usr, Ss, Hh, Ss, Mm, Ss^Bh|, Ss, Chs, Rb, Ww, Ss, Chs, Chs, Chw, Ss, Ww, Rb, Chs, Ss, Rb, Gg, Ww^Bh|, Hh^Ftr, Ss, _off^_usr, _off^_usr, _off^_usr
_off^_usr, _off^_usr, _off^_usr, Ss, Rb, Hh^Ftr, Rb, Rb, Rb, Rb, Gg, Hh, Ss^Vhs, Wwt, Ww, Ss, Hh^Ftr, Hh^Vhh, Gll^Ftr, Rb, Ss^Bh/, Rb, Rb, Gg, Gg, Ss, _off^_usr, _off^_usr, _off^_usr
_off^_usr, _off^_usr, _off^_usr, _off^_usr, Ss, Rb, Gg, Gg, Ss, Hh^Ftr, Ww, Ss, Wwf, Ww, Ss, Gg, Gg, Mm, Gg, Rb, Ss, Mm, Hh^Ftr, Rb, Ss, _off^_usr, _off^_usr, _off^_usr, _off^_usr
_off^_usr, _off^_usr, _off^_usr, _off^_usr, _off^_usr, Gg, Hh^Ftr, Ww^Bh\, Rb, Ww, Mm^Vhh, Ww, Ss, Ww, Ww, Hh, Gll^Ftr, Gg, Gs^Vl, Rb, Rb, Ss, Hh, Rb, _off^_usr, _off^_usr, _off^_usr, _off^_usr, _off^_usr
_off^_usr, _off^_usr, _off^_usr, _off^_usr, _off^_usr, Ss, Ss, Ww, Rb, Hh, Hh^Ftr, Ss, Gg, Gg, Ss, Ww, Gg, Gg, Hh, Hh^Ftr, Rb, Ss, Ss, Ss, _off^_usr, _off^_usr, _off^_usr, _off^_usr, _off^_usr
_off^_usr, _off^_usr, _off^_usr, _off^_usr, _off^_usr, _off^_usr, _off^_usr, Gg, Ss, Rb, Rb, Gg, Hh^Ftr, Gll^Ftr, Rb, Ss, Ww^Bh|, Ww, Ss, Gg, Rb, Gs^Ft, _off^_usr, _off^_usr, _off^_usr, _off^_usr, _off^_usr, _off^_usr, _off^_usr
_off^_usr, _off^_usr, _off^_usr, _off^_usr, _off^_usr, _off^_usr, _off^_usr, _off^_usr, _off^_usr, Ss, Ss, Rb, Rb, Rb, Gg, Rb, Rb, Hh, Ss, Gs^Ft, _off^_usr, _off^_usr, _off^_usr, _off^_usr, _off^_usr, _off^_usr, _off^_usr, _off^_usr, _off^_usr
_off^_usr, _off^_usr, _off^_usr, _off^_usr, _off^_usr, _off^_usr, _off^_usr, _off^_usr, _off^_usr, _off^_usr, _off^_usr, Ss, _off^_usr, Ss, _off^_usr, Ss, _off^_usr, Ss, _off^_usr, _off^_usr, _off^_usr, _off^_usr, _off^_usr, _off^_usr, _off^_usr, _off^_usr, _off^_usr, _off^_usr, _off^_usr
_off^_usr, _off^_usr, _off^_usr, _off^_usr, _off^_usr, _off^_usr, _off^_usr, _off^_usr, _off^_usr, _off^_usr, _off^_usr, _off^_usr, _off^_usr, _off^_usr, _off^_usr, _off^_usr, _off^_usr, _off^_usr, _off^_usr, _off^_usr, _off^_usr, _off^_usr, _off^_usr, _off^_usr, _off^_usr, _off^_usr, _off^_usr, _off^_usr, _off^_usr
_off^_usr, _off^_usr, _off^_usr, _off^_usr, _off^_usr, _off^_usr, _off^_usr, _off^_usr, _off^_usr, _off^_usr, _off^_usr, _off^_usr, _off^_usr, _off^_usr, _off^_usr, _off^_usr, _off^_usr, _off^_usr, _off^_usr, _off^_usr, _off^_usr, _off^_usr, _off^_usr, _off^_usr, _off^_usr, _off^_usr, _off^_usr, _off^_usr, _off^_usr
